// Jest Snapshot v1, https://goo.gl/fbAQLP

exports[`Panel renders correctly positioned at page bottom 1`] = `
<DocumentFragment>
  <div>
    <div
      class="panel panelBottom"
      style="height: 200px; padding-right: 0px;"
    >
      <div
        class="handle handleBottom"
      />
    </div>
  </div>
</DocumentFragment>
`;
